INFO:     Will watch for changes in these directories: ['/Users/anllen/LapTrinh/Learning-Fast-JS/Backend']
INFO:     Uvicorn running on http://0.0.0.0:8000 (Press CTRL+C to quit)
INFO:     Started reloader process [24510] using WatchFiles
INFO:     Started server process [24513]
INFO:     Waiting for application startup.
INFO:app:🚀 Starting FastAPI Backend Server...
INFO:app:📡 API running at: http://localhost:8000
INFO:app:📚 API Docs at: http://localhost:8000/docs
INFO:database:✅ Database connection successful!
INFO:app:✅ Connected to schema: nongsan
INFO:app:✅ Total tables: 41
INFO:     Application startup complete.
INFO:     127.0.0.1:64316 - "GET /api/enhanced/stats HTTP/1.1" 200 OK
INFO:     127.0.0.1:64326 - "GET /api/enhanced/facilities?has_coordinates=true&limit=5 HTTP/1.1" 200 OK
INFO:     127.0.0.1:64341 - "GET /api/enhanced/facilities/map?tinh_id=6 HTTP/1.1" 200 OK
INFO:     127.0.0.1:64386 - "GET /api/enhanced/farms/crops HTTP/1.1" 200 OK
WARNING:  WatchFiles detected changes in 'app.py'. Reloading...
INFO:     Shutting down
INFO:     Waiting for application shutdown.
INFO:app:👋 Shutting down FastAPI Backend Server...
INFO:     Application shutdown complete.
INFO:     Finished server process [24513]
INFO:     Started server process [27541]
INFO:     Waiting for application startup.
INFO:app:🚀 Starting FastAPI Backend Server...
INFO:app:📡 API running at: http://localhost:8000
INFO:app:📚 API Docs at: http://localhost:8000/docs
INFO:database:✅ Database connection successful!
INFO:app:✅ Connected to schema: nongsan
INFO:app:✅ Total tables: 41
INFO:     Application startup complete.
WARNING:  WatchFiles detected changes in 'routes/enhanced.py'. Reloading...
INFO:     Shutting down
INFO:     Waiting for application shutdown.
INFO:app:👋 Shutting down FastAPI Backend Server...
INFO:     Application shutdown complete.
INFO:     Finished server process [27541]
INFO:     Started server process [27562]
INFO:     Waiting for application startup.
INFO:app:🚀 Starting FastAPI Backend Server...
INFO:app:📡 API running at: http://localhost:8000
INFO:app:📚 API Docs at: http://localhost:8000/docs
INFO:database:✅ Database connection successful!
INFO:app:✅ Connected to schema: nongsan
INFO:app:✅ Total tables: 41
INFO:     Application startup complete.
